<?php

namespace Modules\Blog\Database\factories;

use Illuminate\Database\Eloquent\Factories\Factory;

class PostFactory extends Factory
{
    /**
     * The name of the factory's corresponding model.
     */
    protected $model = \Modules\Blog\Entities\Post::class;

    /**
     * Define the model's default state.
     */
    public function definition(): array
    {
        return [];
    }
}

