<?php

namespace Modules\Blog\Entities;

use Illuminate\Database\Eloquent\Model;
use Illuminate\Database\Eloquent\Factories\HasFactory;
use Modules\Blog\Database\factories\PostFactory;

class Post extends Model
{
    use HasFactory;

    /**
     * The attributes that are mass assignable.
     */
    protected $fillable = [];
    
    protected static function newFactory(): PostFactory
    {
        //return PostFactory::new();
    }
}
